[Cd] .. ('..')
[Cd] \ ('/')
[Cd] .. ('..')
[Cd] \ ('/')
[Cd] WORD ('file.js')
