[ ('[')
ARRAY_VALUE_TOKEN ('val1')
, (',')
WHITE_SPACE (' ')
ARRAY_VALUE_TOKEN ('val-2')
, (',')
WHITE_SPACE (' ')
ARRAY_VALUE_TOKEN ('3')
, (',')
WHITE_SPACE (' ')
ARRAY_VALUE_TOKEN ('jcr:property')
, (',')
WHITE_SPACE (' ')
ARRAY_VALUE_TOKEN ('with.dot')
, (',')
WHITE_SPACE (' ')
ARRAY_VALUE_TOKEN ('with')
WHITE_SPACE (' ')
ARRAY_VALUE_TOKEN ('space')
] (']')
