[Jp] { ('{')
[Jp] Binary ('Binary')
[Jp] } ('}')
[Jp] VALUE_TOKEN ('binary')
