[Jp] { ('{')
[Jp] Boolean ('Boolean')
[Jp] } ('}')
[Jp] VALUE_TOKEN ('false')
