[Jp] { ('{')
[Jp] Date ('Date')
[Jp] } ('}')
[Jp] VALUE_TOKEN ('date')
