[Cd] { ('{')
[Cd] Decimal ('Decimal')
[Cd] } ('}')
[Cd] VALUE_TOKEN ('decimal')
