[Cd] { ('{')
[Cd] Double ('Double')
[Cd] } ('}')
[Cd] VALUE_TOKEN ('double')
