[Jp] { ('{')
[Jp] Long ('Long')
[Jp] } ('}')
[Jp] VALUE_TOKEN ('long')
