[Jp] { ('{')
[Jp] Name ('Name')
[Jp] } ('}')
[Jp] VALUE_TOKEN ('name')
