[Jp] { ('{')
[Jp] Path ('Path')
[Jp] } ('}')
[Jp] VALUE_TOKEN ('path')
