[Jp] { ('{')
[Jp] Reference ('Reference')
[Jp] } ('}')
[Jp] VALUE_TOKEN ('reference')
