[Cd] { ('{')
[Cd] String ('String')
[Cd] } ('}')
[Cd] VALUE_TOKEN ('string')
