[Cd] { ('{')
[Cd] URI ('URI')
[Cd] } ('}')
[Cd] VALUE_TOKEN ('uri')
