[Cd] VALUE_TOKEN ('{WeakReference}weak reference')
