[Jp] [ ('[')
[Jp] ARRAY_VALUE_TOKEN ('val1')
[Jp] , (',')
WHITE_SPACE (' ')
[Jp] ARRAY_VALUE_TOKEN ('val-2')
[Jp] , (',')
WHITE_SPACE (' ')
[Jp] ARRAY_VALUE_TOKEN ('3')
[Jp] , (',')
WHITE_SPACE (' ')
[Jp] ARRAY_VALUE_TOKEN ('jcr:property')
[Jp] ] (']')
